363 : 2026-09-10 09:54:51,138 : INFO : telemetry.main : Attempt start. Configuration directory [/home/shreya/.azure]. Cache directory [/home/shreya/.azure/telemetry/20260910095450948].
363 : 2026-09-10 09:54:51,164 : INFO : telemetry.records : 1 cache files to upload.
363 : 2026-09-10 09:54:51,165 : INFO : telemetry.records : Processed file /home/shreya/.azure/telemetry/20260910095450948/cache into 1 records.
363 : 2026-09-10 09:54:51,165 : INFO : telemetry.records : Remove directory /home/shreya/.azure/telemetry/20260910095450948
363 : 2026-09-10 09:54:51,166 : INFO : telemetry.client : Accumulated 1 events. Flush the clients.
363 : 2026-09-10 09:54:51,166 : INFO : telemetry.client : Flush client c4395b75-49cc-422c-bc95-c7d51aef5d46.
363 : 2026-09-10 09:54:51,883 : INFO : telemetry.sender : Sending 4551 bytes
363 : 2026-09-10 09:54:51,883 : INFO : telemetry.sender : Finish uploading in 0.716440 seconds.
404 : 2026-09-10 09:54:52,822 : INFO : telemetry.main : Attempt start. Configuration directory [/home/shreya/.azure]. Cache directory [/home/shreya/.azure/telemetry/20260910095452675].
404 : 2026-09-10 09:54:52,840 : INFO : telemetry.records : 1 cache files to upload.
404 : 2026-09-10 09:54:52,840 : INFO : telemetry.records : Processed file /home/shreya/.azure/telemetry/20260910095452675/cache into 1 records.
404 : 2026-09-10 09:54:52,841 : INFO : telemetry.records : Remove directory /home/shreya/.azure/telemetry/20260910095452675
404 : 2026-09-10 09:54:52,841 : INFO : telemetry.client : Accumulated 1 events. Flush the clients.
404 : 2026-09-10 09:54:52,841 : INFO : telemetry.client : Flush client c4395b75-49cc-422c-bc95-c7d51aef5d46.
414 : 2026-09-10 09:54:53,364 : INFO : telemetry.main : Attempt start. Configuration directory [/home/shreya/.azure]. Cache directory [/home/shreya/.azure/telemetry/20260910095453208].
414 : 2026-09-10 09:54:53,385 : INFO : telemetry.records : 1 cache files to upload.
414 : 2026-09-10 09:54:53,385 : INFO : telemetry.records : Processed file /home/shreya/.azure/telemetry/20260910095453208/cache into 1 records.
414 : 2026-09-10 09:54:53,392 : INFO : telemetry.records : Remove directory /home/shreya/.azure/telemetry/20260910095453208
414 : 2026-09-10 09:54:53,394 : INFO : telemetry.client : Accumulated 1 events. Flush the clients.
414 : 2026-09-10 09:54:53,394 : INFO : telemetry.client : Flush client c4395b75-49cc-422c-bc95-c7d51aef5d46.
404 : 2026-09-10 09:54:53,559 : INFO : telemetry.sender : Sending 4450 bytes
404 : 2026-09-10 09:54:53,559 : INFO : telemetry.sender : Finish uploading in 0.717579 seconds.
414 : 2026-09-10 09:54:54,099 : INFO : telemetry.sender : Sending 4532 bytes
414 : 2026-09-10 09:54:54,099 : INFO : telemetry.sender : Finish uploading in 0.702731 seconds.
429 : 2026-09-10 09:54:54,810 : INFO : telemetry.main : Attempt start. Configuration directory [/home/shreya/.azure]. Cache directory [/home/shreya/.azure/telemetry/20260910095454690].
429 : 2026-09-10 09:54:54,826 : INFO : telemetry.records : 1 cache files to upload.
429 : 2026-09-10 09:54:54,826 : INFO : telemetry.records : Processed file /home/shreya/.azure/telemetry/20260910095454690/cache into 1 records.
429 : 2026-09-10 09:54:54,827 : INFO : telemetry.records : Remove directory /home/shreya/.azure/telemetry/20260910095454690
429 : 2026-09-10 09:54:54,827 : INFO : telemetry.client : Accumulated 1 events. Flush the clients.
429 : 2026-09-10 09:54:54,827 : INFO : telemetry.client : Flush client c4395b75-49cc-422c-bc95-c7d51aef5d46.
429 : 2026-09-10 09:54:55,480 : INFO : telemetry.sender : Sending 4564 bytes
429 : 2026-09-10 09:54:55,481 : INFO : telemetry.sender : Finish uploading in 0.653075 seconds.
454 : 2026-09-10 09:55:44,040 : INFO : telemetry.main : Attempt start. Configuration directory [/home/shreya/.azure]. Cache directory [/home/shreya/.azure/telemetry/20260910095543920].
454 : 2026-09-10 09:55:44,064 : INFO : telemetry.records : 1 cache files to upload.
454 : 2026-09-10 09:55:44,064 : INFO : telemetry.records : Processed file /home/shreya/.azure/telemetry/20260910095543920/cache into 1 records.
454 : 2026-09-10 09:55:44,064 : INFO : telemetry.records : Remove directory /home/shreya/.azure/telemetry/20260910095543920
454 : 2026-09-10 09:55:44,065 : INFO : telemetry.client : Accumulated 1 events. Flush the clients.
454 : 2026-09-10 09:55:44,065 : INFO : telemetry.client : Flush client c4395b75-49cc-422c-bc95-c7d51aef5d46.
454 : 2026-09-10 09:55:44,707 : INFO : telemetry.sender : Sending 4537 bytes
454 : 2026-09-10 09:55:44,708 : INFO : telemetry.sender : Finish uploading in 0.642510 seconds.
551 : 2026-09-10 09:59:03,943 : INFO : telemetry.main : Attempt start. Configuration directory [/home/shreya/.azure]. Cache directory [/home/shreya/.azure/telemetry/20260910095903714].
551 : 2026-09-10 09:59:03,966 : INFO : telemetry.records : 1 cache files to upload.
551 : 2026-09-10 09:59:03,966 : INFO : telemetry.records : Processed file /home/shreya/.azure/telemetry/20260910095903714/cache into 1 records.
551 : 2026-09-10 09:59:03,967 : INFO : telemetry.records : Remove directory /home/shreya/.azure/telemetry/20260910095903714
551 : 2026-09-10 09:59:03,967 : INFO : telemetry.client : Accumulated 1 events. Flush the clients.
551 : 2026-09-10 09:59:03,967 : INFO : telemetry.client : Flush client c4395b75-49cc-422c-bc95-c7d51aef5d46.
551 : 2026-09-10 09:59:04,649 : INFO : telemetry.sender : Sending 4437 bytes
551 : 2026-09-10 09:59:04,650 : INFO : telemetry.sender : Finish uploading in 0.681819 seconds.
